2025-03-05 13:40:46,999 - INFO - Process started.
2025-03-05 13:40:47,219 - INFO - Fetched 32 cars from API.
2025-03-05 13:40:47,219 - INFO - Three months have not passed since last download for Car ID: 7fEDZ2C6t5g8cMoEGinttu. Skipping.
2025-03-05 13:40:47,219 - INFO - Three months have not passed since last download for Car ID: wkAmjzSLBTqpSNDvBNQxoA. Skipping.
2025-03-05 13:40:47,219 - INFO - Three months have not passed since last download for Car ID: q3QosUkRctv3iyEx9rRT5g. Skipping.
2025-03-05 13:40:47,219 - INFO - Three months have not passed since last download for Car ID: Hsfh8qLtMGNMVzgFcCadkz. Skipping.
2025-03-05 13:40:47,221 - INFO - Starting download for Car ID: BoDGJeQh4cUdYZ2LKpQTVq from 1725617447 to 1741169447
2025-03-05 13:49:53,419 - ERROR - Error downloading for Car ID BoDGJeQh4cUdYZ2LKpQTVq: ('Connection aborted.', ConnectionResetError(10054, 'An existing connection was forcibly closed by the remote host', None, 10054, None))
2025-03-05 13:49:53,420 - INFO - Three months have not passed since last download for Car ID: k9NQigC3MRG8QmvcZCmGJx. Skipping.
2025-03-05 13:49:53,420 - INFO - Three months have not passed since last download for Car ID: ADyV7WKMuBs69GVDzhwVtt. Skipping.
2025-03-05 13:49:53,420 - INFO - Three months have not passed since last download for Car ID: fkLDTjnG6FDgepRJCxkSVd. Skipping.
2025-03-05 13:49:53,420 - INFO - Three months have not passed since last download for Car ID: 9uzech7tRg7tiqioNG6xN7. Skipping.
2025-03-05 13:49:53,420 - INFO - Three months have not passed since last download for Car ID: gcpWrp2P5xesmrEXE8fdUN. Skipping.
2025-03-05 13:49:53,420 - INFO - Three months have not passed since last download for Car ID: fTzmtNw5UREpSMdzyKHhax. Skipping.
2025-03-05 13:49:53,420 - INFO - Three months have not passed since last download for Car ID: dwfUMQePQcFs683rYNDt2s. Skipping.
2025-03-05 13:49:53,420 - INFO - Three months have not passed since last download for Car ID: jbu5LCjzbkxgAvzYta8sax. Skipping.
2025-03-05 13:49:53,420 - INFO - Starting download for Car ID: Yaq9PMRgyvayemY6gosnLX from 1725617993 to 1741169447
2025-03-05 13:49:53,557 - ERROR - Failed to download Excel for Car ID: Yaq9PMRgyvayemY6gosnLX, Status Code: 204
2025-03-05 13:49:53,557 - ERROR - Error downloading for Car ID Yaq9PMRgyvayemY6gosnLX: Failed to download Excel for Car ID: Yaq9PMRgyvayemY6gosnLX, Status Code: 204
2025-03-05 13:49:53,557 - INFO - Starting download for Car ID: FdPCVYJGcGTJiZuFESvkkj from 1725617993 to 1741169447
2025-03-05 13:49:53,734 - ERROR - Failed to download Excel for Car ID: FdPCVYJGcGTJiZuFESvkkj, Status Code: 204
2025-03-05 13:49:53,734 - ERROR - Error downloading for Car ID FdPCVYJGcGTJiZuFESvkkj: Failed to download Excel for Car ID: FdPCVYJGcGTJiZuFESvkkj, Status Code: 204
2025-03-05 13:49:53,734 - INFO - Starting download for Car ID: 3kTHYT8T3hRkDnNkcroHKq from 1725617993 to 1741169447
2025-03-05 13:49:53,966 - ERROR - Failed to download Excel for Car ID: 3kTHYT8T3hRkDnNkcroHKq, Status Code: 204
2025-03-05 13:49:53,966 - ERROR - Error downloading for Car ID 3kTHYT8T3hRkDnNkcroHKq: Failed to download Excel for Car ID: 3kTHYT8T3hRkDnNkcroHKq, Status Code: 204
2025-03-05 13:49:53,966 - INFO - Starting download for Car ID: Pnd5tLPYinPGDuDUcRNLDh from 1725617993 to 1741169447
2025-03-05 13:49:54,116 - ERROR - Failed to download Excel for Car ID: Pnd5tLPYinPGDuDUcRNLDh, Status Code: 204
2025-03-05 13:49:54,116 - ERROR - Error downloading for Car ID Pnd5tLPYinPGDuDUcRNLDh: Failed to download Excel for Car ID: Pnd5tLPYinPGDuDUcRNLDh, Status Code: 204
2025-03-05 13:49:54,117 - INFO - Three months have not passed since last download for Car ID: nbNKMY4YuFpQf6ZpwX3Psb. Skipping.
2025-03-05 13:49:54,117 - INFO - Three months have not passed since last download for Car ID: SRgZGuskHVC2USkUXA5F8A. Skipping.
2025-03-05 13:49:54,117 - INFO - Three months have not passed since last download for Car ID: BxwTKsu8WqUHRHjVskunc5. Skipping.
2025-03-05 13:49:54,117 - INFO - Three months have not passed since last download for Car ID: 8NC3bXqatKg9SJreKtbsTJ. Skipping.
2025-03-05 13:49:54,117 - INFO - Three months have not passed since last download for Car ID: GwpM7nAsPHouwPukJJDNUM. Skipping.
2025-03-05 13:49:54,117 - INFO - Three months have not passed since last download for Car ID: Urx76jjn9kfBp3HDkkigsN. Skipping.
2025-03-05 13:49:54,117 - INFO - Three months have not passed since last download for Car ID: JFQcd4gVTXPDWFasAzqFbC. Skipping.
2025-03-05 13:49:54,117 - INFO - Three months have not passed since last download for Car ID: k2C2AXWazHh9b498VTeYb8. Skipping.
2025-03-05 13:49:54,117 - INFO - Three months have not passed since last download for Car ID: ikMJs2YfoNJSggFwt5oaVK. Skipping.
2025-03-05 13:49:54,117 - INFO - Three months have not passed since last download for Car ID: PLQqCbSrFh4ECzrHRMqLKg. Skipping.
2025-03-05 13:49:54,117 - INFO - Three months have not passed since last download for Car ID: f9zDpUzubPSh24Nm5BQBJ7. Skipping.
2025-03-05 13:49:54,117 - INFO - Three months have not passed since last download for Car ID: RpPxTMgpLgTMEoiXo2rVuD. Skipping.
2025-03-05 13:49:54,117 - INFO - Three months have not passed since last download for Car ID: efRPT2v6SVdb5whmY2tnKX. Skipping.
2025-03-05 13:49:54,117 - INFO - Three months have not passed since last download for Car ID: EJzh2zYPHj94dWKb42Ye9L. Skipping.
2025-03-05 13:49:54,117 - INFO - Three months have not passed since last download for Car ID: WzMtJbNxH5JZidBHP75nFt. Skipping.
2025-03-05 13:49:54,117 - INFO - Process completed.
